
---- C:\Users\DELL>d:

---- D:\>cd LocalRepo

---- D:\LocalRepo>cd MaidonDemand

---- D:\LocalRepo\MaidonDemand>git pull https://github.com/ShikshaSharma/MaidonDemand.git
remote: Enumerating objects: 5, done.
remote: Counting objects: 100% (5/5), done.
remote: Compressing objects: 100% (2/2), done.
remote: Total 3 (delta 1), reused 0 (delta 0), pack-reused 0
Unpacking objects: 100% (3/3), 704 bytes | 2.00 KiB/s, done.
From https://github.com/ShikshaSharma/MaidonDemand
 * branch            HEAD       -> FETCH_HEAD
Updating 3023bee..f28b190
Fast-forward
 README.md | 1 +
 1 file changed, 1 insertion(+)


***after updating the file***


---- D:\LocalRepo\MaidonDemand>git status
On branch main
Your branch is ahead of 'origin/main' by 1 commit.
  (use "git push" to publish your local commits)

Changes not staged for commit:
  (use "git add <file>..." to update what will be committed)
  (use "git restore <file>..." to discard changes in working directory)
        modified:   Math.cs
        modified:   README.md

no changes added to commit (use "git add" and/or "git commit -a")

---- D:\LocalRepo\MaidonDemand>git add .

---- D:\LocalRepo\MaidonDemand>git commit -m "updated by roshni"
[main 6e99b94] updated by roshni
 2 files changed, 3 insertions(+), 1 deletion(-)

---- D:\LocalRepo\MaidonDemand>git push -u origin main
Enumerating objects: 7, done.
Counting objects: 100% (7/7), done.
Delta compression using up to 8 threads
Compressing objects: 100% (3/3), done.
Writing objects: 100% (4/4), 455 bytes | 455.00 KiB/s, done.
Total 4 (delta 1), reused 0 (delta 0), pack-reused 0
remote: Resolving deltas: 100% (1/1), completed with 1 local object.
To https://github.com/ShikshaSharma/MaidonDemand.git
   f28b190..6e99b94  main -> main
Branch 'main' set up to track remote branch 'main' from 'origin'.
